<?xml version="1.0" encoding="UTF-8"?>
<testsuites name="jest tests" tests="4" failures="0" time="3.849">
  <testsuite name="__tests__\index.test.js" errors="0" failures="0" skipped="0" timestamp="2020-09-02T22:06:39" time="1.884" tests="4">
    <testcase classname=" api structure" name=" api structure" time="0.023">
    </testcase>
    <testcase classname=" ajax structure" name=" ajax structure" time="0.003">
    </testcase>
    <testcase classname=" webstore structure" name=" webstore structure" time="0.002">
    </testcase>
    <testcase classname=" static methods" name=" static methods" time="0">
    </testcase>
  </testsuite>
</testsuites>